{
    "Unfiltered graph, multiple reference samples, all steps": {
        "content": [
            60,
            [
                "02_reference/extracted_linear_reference/simChimp.fasta",
                "02_reference/extracted_linear_reference/simChimp.fasta.fai",
                "02_reference/extracted_linear_reference/simGorilla.fasta",
                "02_reference/extracted_linear_reference/simGorilla.fasta.fai",
                "02_reference/statistics/example-multiple-reference-samples_graph-metadata.txt.gz",
                "02_reference/statistics/example-multiple-reference-samples_graph-stats.txt",
                "03_read_qc/fastp_reports/ancientApe.1.1.fastp.html.gz",
                "03_read_qc/fastp_reports/ancientApe.1.1.fastp.json",
                "03_read_qc/fastp_reports/ancientApe.2.1.fastp.html.gz",
                "03_read_qc/fastp_reports/ancientApe.2.1.fastp.json",
                "03_read_qc/fastp_reports/ancientApe.2.2.fastp.html.gz",
                "03_read_qc/fastp_reports/ancientApe.2.2.fastp.json",
                "03_read_qc/fastp_reports/ancientMerged.1.1.fastp.html.gz",
                "03_read_qc/fastp_reports/ancientMerged.1.1.fastp.json",
                "03_read_qc/fastp_reports/ancientSimian.1.1.fastp.html.gz",
                "03_read_qc/fastp_reports/ancientSimian.1.1.fastp.json",
                "03_read_qc/fastp_reports/modernHuman.1.1.fastp.html.gz",
                "03_read_qc/fastp_reports/modernHuman.1.1.fastp.json",
                "03_read_qc/qced_data_fastq_reports/ancientApe.1.1.fastp_fastqc.html",
                "03_read_qc/qced_data_fastq_reports/ancientApe.1.1.fastp_fastqc.zip",
                "03_read_qc/qced_data_fastq_reports/ancientApe.2.1.fastp_fastqc.html",
                "03_read_qc/qced_data_fastq_reports/ancientApe.2.1.fastp_fastqc.zip",
                "03_read_qc/qced_data_fastq_reports/ancientApe.2.2.fastp_fastqc.html",
                "03_read_qc/qced_data_fastq_reports/ancientApe.2.2.fastp_fastqc.zip",
                "03_read_qc/qced_data_fastq_reports/ancientMerged.1.1.fastp_fastqc.html",
                "03_read_qc/qced_data_fastq_reports/ancientMerged.1.1.fastp_fastqc.zip",
                "03_read_qc/qced_data_fastq_reports/ancientSimian.1.1.fastp_fastqc.html",
                "03_read_qc/qced_data_fastq_reports/ancientSimian.1.1.fastp_fastqc.zip",
                "03_read_qc/qced_data_fastq_reports/modernHuman.1.1.fastp.1_fastqc.html",
                "03_read_qc/qced_data_fastq_reports/modernHuman.1.1.fastp.1_fastqc.zip",
                "03_read_qc/qced_data_fastq_reports/modernHuman.1.1.fastp.2_fastqc.html",
                "03_read_qc/qced_data_fastq_reports/modernHuman.1.1.fastp.2_fastqc.zip",
                "03_read_qc/raw_data_fastq_reports/ancientApe_lib2_s1.repeat_fastqc.html",
                "03_read_qc/raw_data_fastq_reports/ancientApe_lib2_s1.repeat_fastqc.zip",
                "03_read_qc/raw_data_fastq_reports/ancientApe_lib2_s1_fastqc.html",
                "03_read_qc/raw_data_fastq_reports/ancientApe_lib2_s1_fastqc.zip",
                "03_read_qc/raw_data_fastq_reports/ancientApe_lib2_s2.repeat_fastqc.html",
                "03_read_qc/raw_data_fastq_reports/ancientApe_lib2_s2.repeat_fastqc.zip",
                "03_read_qc/raw_data_fastq_reports/ancientApe_lib2_s2_fastqc.html",
                "03_read_qc/raw_data_fastq_reports/ancientApe_lib2_s2_fastqc.zip",
                "03_read_qc/raw_data_fastq_reports/ancientApe_s1_fastqc.html",
                "03_read_qc/raw_data_fastq_reports/ancientApe_s1_fastqc.zip",
                "03_read_qc/raw_data_fastq_reports/ancientApe_s2_fastqc.html",
                "03_read_qc/raw_data_fastq_reports/ancientApe_s2_fastqc.zip",
                "03_read_qc/raw_data_fastq_reports/ancientMerged_fastqc.html",
                "03_read_qc/raw_data_fastq_reports/ancientMerged_fastqc.zip",
                "03_read_qc/raw_data_fastq_reports/ancientSimian_s1_fastqc.html",
                "03_read_qc/raw_data_fastq_reports/ancientSimian_s1_fastqc.zip",
                "03_read_qc/raw_data_fastq_reports/ancientSimian_s2_fastqc.html",
                "03_read_qc/raw_data_fastq_reports/ancientSimian_s2_fastqc.zip",
                "03_read_qc/raw_data_fastq_reports/modernHuman_s1_fastqc.html",
                "03_read_qc/raw_data_fastq_reports/modernHuman_s1_fastqc.zip",
                "03_read_qc/raw_data_fastq_reports/modernHuman_s2_fastqc.html",
                "03_read_qc/raw_data_fastq_reports/modernHuman_s2_fastqc.zip",
                "04_mapped_reads/alignment_statistics/ancientApe.1.1_alignment-stats.txt",
                "04_mapped_reads/alignment_statistics/ancientApe.2.1_alignment-stats.txt",
                "04_mapped_reads/alignment_statistics/ancientApe.2.2_alignment-stats.txt",
                "04_mapped_reads/alignment_statistics/ancientMerged.1.1_alignment-stats.txt",
                "04_mapped_reads/alignment_statistics/ancientSimian.1.1_alignment-stats.txt",
                "04_mapped_reads/alignment_statistics/modernHuman.1.1_alignment-stats.txt",
                "04_mapped_reads/bams_processed/ancientApe.simChimp.dedup.bam",
                "04_mapped_reads/bams_processed/ancientApe.simChimp.dedup.bam.bai",
                "04_mapped_reads/bams_processed/ancientApe.simGorilla.dedup.bam",
                "04_mapped_reads/bams_processed/ancientApe.simGorilla.dedup.bam.bai",
                "04_mapped_reads/bams_processed/ancientMerged.simChimp.dedup.bam",
                "04_mapped_reads/bams_processed/ancientMerged.simChimp.dedup.bam.bai",
                "04_mapped_reads/bams_processed/ancientMerged.simGorilla.dedup.bam",
                "04_mapped_reads/bams_processed/ancientMerged.simGorilla.dedup.bam.bai",
                "04_mapped_reads/bams_processed/ancientSimian.simChimp.dedup.bam",
                "04_mapped_reads/bams_processed/ancientSimian.simChimp.dedup.bam.bai",
                "04_mapped_reads/bams_processed/ancientSimian.simGorilla.dedup.bam",
                "04_mapped_reads/bams_processed/ancientSimian.simGorilla.dedup.bam.bai",
                "04_mapped_reads/bams_processed/modernHuman.simChimp.dedup.bam",
                "04_mapped_reads/bams_processed/modernHuman.simChimp.dedup.bam.bai",
                "04_mapped_reads/bams_processed/modernHuman.simGorilla.dedup.bam",
                "04_mapped_reads/bams_processed/modernHuman.simGorilla.dedup.bam.bai",
                "04_mapped_reads/deduplication_statistics/ancientApe.simChimp.dedup_metrics.txt",
                "04_mapped_reads/deduplication_statistics/ancientApe.simGorilla.dedup_metrics.txt",
                "04_mapped_reads/deduplication_statistics/ancientMerged.simChimp.dedup_metrics.txt",
                "04_mapped_reads/deduplication_statistics/ancientMerged.simGorilla.dedup_metrics.txt",
                "04_mapped_reads/deduplication_statistics/ancientSimian.simChimp.dedup_metrics.txt",
                "04_mapped_reads/deduplication_statistics/ancientSimian.simGorilla.dedup_metrics.txt",
                "04_mapped_reads/deduplication_statistics/modernHuman.simChimp.dedup_metrics.txt",
                "04_mapped_reads/deduplication_statistics/modernHuman.simGorilla.dedup_metrics.txt",
                "04_mapped_reads/gams/ancientApe.1.1.filtered.gam",
                "04_mapped_reads/gams/ancientApe.2.1.filtered.gam",
                "04_mapped_reads/gams/ancientApe.2.2.filtered.gam",
                "04_mapped_reads/gams/ancientMerged.1.1.filtered.gam",
                "04_mapped_reads/gams/ancientSimian.1.1.filtered.gam",
                "04_mapped_reads/gams/modernHuman.1.1.filtered.gam",
                "05_post_mortem_damage/damage_profiler/ancientApe_surjected_to_simChimp_pmd/3pGtoA_freq.txt",
                "05_post_mortem_damage/damage_profiler/ancientApe_surjected_to_simChimp_pmd/3p_freq_misincorporations.txt",
                "05_post_mortem_damage/damage_profiler/ancientApe_surjected_to_simChimp_pmd/5pCtoT_freq.txt",
                "05_post_mortem_damage/damage_profiler/ancientApe_surjected_to_simChimp_pmd/5p_freq_misincorporations.txt",
                "05_post_mortem_damage/damage_profiler/ancientApe_surjected_to_simChimp_pmd/DNA_comp_genome.txt",
                "05_post_mortem_damage/damage_profiler/ancientApe_surjected_to_simChimp_pmd/DNA_composition_sample.txt",
                "05_post_mortem_damage/damage_profiler/ancientApe_surjected_to_simChimp_pmd/DamagePlot.pdf",
                "05_post_mortem_damage/damage_profiler/ancientApe_surjected_to_simChimp_pmd/DamagePlot_five_prime.svg",
                "05_post_mortem_damage/damage_profiler/ancientApe_surjected_to_simChimp_pmd/DamagePlot_three_prime.svg",
                "05_post_mortem_damage/damage_profiler/ancientApe_surjected_to_simChimp_pmd/DamageProfiler.log",
                "05_post_mortem_damage/damage_profiler/ancientApe_surjected_to_simChimp_pmd/Length_plot.pdf",
                "05_post_mortem_damage/damage_profiler/ancientApe_surjected_to_simChimp_pmd/Length_plot_combined_data.svg",
                "05_post_mortem_damage/damage_profiler/ancientApe_surjected_to_simChimp_pmd/Length_plot_forward_reverse_separated.svg",
                "05_post_mortem_damage/damage_profiler/ancientApe_surjected_to_simChimp_pmd/dmgprof.json",
                "05_post_mortem_damage/damage_profiler/ancientApe_surjected_to_simChimp_pmd/editDistance.txt",
                "05_post_mortem_damage/damage_profiler/ancientApe_surjected_to_simChimp_pmd/edit_distance.pdf",
                "05_post_mortem_damage/damage_profiler/ancientApe_surjected_to_simChimp_pmd/edit_distance.svg",
                "05_post_mortem_damage/damage_profiler/ancientApe_surjected_to_simChimp_pmd/lgdistribution.txt",
                "05_post_mortem_damage/damage_profiler/ancientApe_surjected_to_simChimp_pmd/misincorporation.txt",
                "05_post_mortem_damage/damage_profiler/ancientApe_surjected_to_simGorilla_pmd/3pGtoA_freq.txt",
                "05_post_mortem_damage/damage_profiler/ancientApe_surjected_to_simGorilla_pmd/3p_freq_misincorporations.txt",
                "05_post_mortem_damage/damage_profiler/ancientApe_surjected_to_simGorilla_pmd/5pCtoT_freq.txt",
                "05_post_mortem_damage/damage_profiler/ancientApe_surjected_to_simGorilla_pmd/5p_freq_misincorporations.txt",
                "05_post_mortem_damage/damage_profiler/ancientApe_surjected_to_simGorilla_pmd/DNA_comp_genome.txt",
                "05_post_mortem_damage/damage_profiler/ancientApe_surjected_to_simGorilla_pmd/DNA_composition_sample.txt",
                "05_post_mortem_damage/damage_profiler/ancientApe_surjected_to_simGorilla_pmd/DamagePlot.pdf",
                "05_post_mortem_damage/damage_profiler/ancientApe_surjected_to_simGorilla_pmd/DamagePlot_five_prime.svg",
                "05_post_mortem_damage/damage_profiler/ancientApe_surjected_to_simGorilla_pmd/DamagePlot_three_prime.svg",
                "05_post_mortem_damage/damage_profiler/ancientApe_surjected_to_simGorilla_pmd/DamageProfiler.log",
                "05_post_mortem_damage/damage_profiler/ancientApe_surjected_to_simGorilla_pmd/Length_plot.pdf",
                "05_post_mortem_damage/damage_profiler/ancientApe_surjected_to_simGorilla_pmd/Length_plot_combined_data.svg",
                "05_post_mortem_damage/damage_profiler/ancientApe_surjected_to_simGorilla_pmd/Length_plot_forward_reverse_separated.svg",
                "05_post_mortem_damage/damage_profiler/ancientApe_surjected_to_simGorilla_pmd/dmgprof.json",
                "05_post_mortem_damage/damage_profiler/ancientApe_surjected_to_simGorilla_pmd/editDistance.txt",
                "05_post_mortem_damage/damage_profiler/ancientApe_surjected_to_simGorilla_pmd/edit_distance.pdf",
                "05_post_mortem_damage/damage_profiler/ancientApe_surjected_to_simGorilla_pmd/edit_distance.svg",
                "05_post_mortem_damage/damage_profiler/ancientApe_surjected_to_simGorilla_pmd/lgdistribution.txt",
                "05_post_mortem_damage/damage_profiler/ancientApe_surjected_to_simGorilla_pmd/misincorporation.txt",
                "05_post_mortem_damage/damage_profiler/ancientMerged_surjected_to_simChimp_pmd/3pGtoA_freq.txt",
                "05_post_mortem_damage/damage_profiler/ancientMerged_surjected_to_simChimp_pmd/3p_freq_misincorporations.txt",
                "05_post_mortem_damage/damage_profiler/ancientMerged_surjected_to_simChimp_pmd/5pCtoT_freq.txt",
                "05_post_mortem_damage/damage_profiler/ancientMerged_surjected_to_simChimp_pmd/5p_freq_misincorporations.txt",
                "05_post_mortem_damage/damage_profiler/ancientMerged_surjected_to_simChimp_pmd/DNA_comp_genome.txt",
                "05_post_mortem_damage/damage_profiler/ancientMerged_surjected_to_simChimp_pmd/DNA_composition_sample.txt",
                "05_post_mortem_damage/damage_profiler/ancientMerged_surjected_to_simChimp_pmd/DamagePlot.pdf",
                "05_post_mortem_damage/damage_profiler/ancientMerged_surjected_to_simChimp_pmd/DamagePlot_five_prime.svg",
                "05_post_mortem_damage/damage_profiler/ancientMerged_surjected_to_simChimp_pmd/DamagePlot_three_prime.svg",
                "05_post_mortem_damage/damage_profiler/ancientMerged_surjected_to_simChimp_pmd/DamageProfiler.log",
                "05_post_mortem_damage/damage_profiler/ancientMerged_surjected_to_simChimp_pmd/Length_plot.pdf",
                "05_post_mortem_damage/damage_profiler/ancientMerged_surjected_to_simChimp_pmd/Length_plot_combined_data.svg",
                "05_post_mortem_damage/damage_profiler/ancientMerged_surjected_to_simChimp_pmd/Length_plot_forward_reverse_separated.svg",
                "05_post_mortem_damage/damage_profiler/ancientMerged_surjected_to_simChimp_pmd/dmgprof.json",
                "05_post_mortem_damage/damage_profiler/ancientMerged_surjected_to_simChimp_pmd/editDistance.txt",
                "05_post_mortem_damage/damage_profiler/ancientMerged_surjected_to_simChimp_pmd/edit_distance.pdf",
                "05_post_mortem_damage/damage_profiler/ancientMerged_surjected_to_simChimp_pmd/edit_distance.svg",
                "05_post_mortem_damage/damage_profiler/ancientMerged_surjected_to_simChimp_pmd/lgdistribution.txt",
                "05_post_mortem_damage/damage_profiler/ancientMerged_surjected_to_simChimp_pmd/misincorporation.txt",
                "05_post_mortem_damage/damage_profiler/ancientMerged_surjected_to_simGorilla_pmd/3pGtoA_freq.txt",
                "05_post_mortem_damage/damage_profiler/ancientMerged_surjected_to_simGorilla_pmd/3p_freq_misincorporations.txt",
                "05_post_mortem_damage/damage_profiler/ancientMerged_surjected_to_simGorilla_pmd/5pCtoT_freq.txt",
                "05_post_mortem_damage/damage_profiler/ancientMerged_surjected_to_simGorilla_pmd/5p_freq_misincorporations.txt",
                "05_post_mortem_damage/damage_profiler/ancientMerged_surjected_to_simGorilla_pmd/DNA_comp_genome.txt",
                "05_post_mortem_damage/damage_profiler/ancientMerged_surjected_to_simGorilla_pmd/DNA_composition_sample.txt",
                "05_post_mortem_damage/damage_profiler/ancientMerged_surjected_to_simGorilla_pmd/DamagePlot.pdf",
                "05_post_mortem_damage/damage_profiler/ancientMerged_surjected_to_simGorilla_pmd/DamagePlot_five_prime.svg",
                "05_post_mortem_damage/damage_profiler/ancientMerged_surjected_to_simGorilla_pmd/DamagePlot_three_prime.svg",
                "05_post_mortem_damage/damage_profiler/ancientMerged_surjected_to_simGorilla_pmd/DamageProfiler.log",
                "05_post_mortem_damage/damage_profiler/ancientMerged_surjected_to_simGorilla_pmd/Length_plot.pdf",
                "05_post_mortem_damage/damage_profiler/ancientMerged_surjected_to_simGorilla_pmd/Length_plot_combined_data.svg",
                "05_post_mortem_damage/damage_profiler/ancientMerged_surjected_to_simGorilla_pmd/Length_plot_forward_reverse_separated.svg",
                "05_post_mortem_damage/damage_profiler/ancientMerged_surjected_to_simGorilla_pmd/dmgprof.json",
                "05_post_mortem_damage/damage_profiler/ancientMerged_surjected_to_simGorilla_pmd/editDistance.txt",
                "05_post_mortem_damage/damage_profiler/ancientMerged_surjected_to_simGorilla_pmd/edit_distance.pdf",
                "05_post_mortem_damage/damage_profiler/ancientMerged_surjected_to_simGorilla_pmd/edit_distance.svg",
                "05_post_mortem_damage/damage_profiler/ancientMerged_surjected_to_simGorilla_pmd/lgdistribution.txt",
                "05_post_mortem_damage/damage_profiler/ancientMerged_surjected_to_simGorilla_pmd/misincorporation.txt",
                "05_post_mortem_damage/damage_profiler/ancientSimian_surjected_to_simChimp_pmd/3pGtoA_freq.txt",
                "05_post_mortem_damage/damage_profiler/ancientSimian_surjected_to_simChimp_pmd/3p_freq_misincorporations.txt",
                "05_post_mortem_damage/damage_profiler/ancientSimian_surjected_to_simChimp_pmd/5pCtoT_freq.txt",
                "05_post_mortem_damage/damage_profiler/ancientSimian_surjected_to_simChimp_pmd/5p_freq_misincorporations.txt",
                "05_post_mortem_damage/damage_profiler/ancientSimian_surjected_to_simChimp_pmd/DNA_comp_genome.txt",
                "05_post_mortem_damage/damage_profiler/ancientSimian_surjected_to_simChimp_pmd/DNA_composition_sample.txt",
                "05_post_mortem_damage/damage_profiler/ancientSimian_surjected_to_simChimp_pmd/DamagePlot.pdf",
                "05_post_mortem_damage/damage_profiler/ancientSimian_surjected_to_simChimp_pmd/DamagePlot_five_prime.svg",
                "05_post_mortem_damage/damage_profiler/ancientSimian_surjected_to_simChimp_pmd/DamagePlot_three_prime.svg",
                "05_post_mortem_damage/damage_profiler/ancientSimian_surjected_to_simChimp_pmd/DamageProfiler.log",
                "05_post_mortem_damage/damage_profiler/ancientSimian_surjected_to_simChimp_pmd/Length_plot.pdf",
                "05_post_mortem_damage/damage_profiler/ancientSimian_surjected_to_simChimp_pmd/Length_plot_combined_data.svg",
                "05_post_mortem_damage/damage_profiler/ancientSimian_surjected_to_simChimp_pmd/Length_plot_forward_reverse_separated.svg",
                "05_post_mortem_damage/damage_profiler/ancientSimian_surjected_to_simChimp_pmd/dmgprof.json",
                "05_post_mortem_damage/damage_profiler/ancientSimian_surjected_to_simChimp_pmd/editDistance.txt",
                "05_post_mortem_damage/damage_profiler/ancientSimian_surjected_to_simChimp_pmd/edit_distance.pdf",
                "05_post_mortem_damage/damage_profiler/ancientSimian_surjected_to_simChimp_pmd/edit_distance.svg",
                "05_post_mortem_damage/damage_profiler/ancientSimian_surjected_to_simChimp_pmd/lgdistribution.txt",
                "05_post_mortem_damage/damage_profiler/ancientSimian_surjected_to_simChimp_pmd/misincorporation.txt",
                "05_post_mortem_damage/damage_profiler/ancientSimian_surjected_to_simGorilla_pmd/3pGtoA_freq.txt",
                "05_post_mortem_damage/damage_profiler/ancientSimian_surjected_to_simGorilla_pmd/3p_freq_misincorporations.txt",
                "05_post_mortem_damage/damage_profiler/ancientSimian_surjected_to_simGorilla_pmd/5pCtoT_freq.txt",
                "05_post_mortem_damage/damage_profiler/ancientSimian_surjected_to_simGorilla_pmd/5p_freq_misincorporations.txt",
                "05_post_mortem_damage/damage_profiler/ancientSimian_surjected_to_simGorilla_pmd/DNA_comp_genome.txt",
                "05_post_mortem_damage/damage_profiler/ancientSimian_surjected_to_simGorilla_pmd/DNA_composition_sample.txt",
                "05_post_mortem_damage/damage_profiler/ancientSimian_surjected_to_simGorilla_pmd/DamagePlot.pdf",
                "05_post_mortem_damage/damage_profiler/ancientSimian_surjected_to_simGorilla_pmd/DamagePlot_five_prime.svg",
                "05_post_mortem_damage/damage_profiler/ancientSimian_surjected_to_simGorilla_pmd/DamagePlot_three_prime.svg",
                "05_post_mortem_damage/damage_profiler/ancientSimian_surjected_to_simGorilla_pmd/DamageProfiler.log",
                "05_post_mortem_damage/damage_profiler/ancientSimian_surjected_to_simGorilla_pmd/Length_plot.pdf",
                "05_post_mortem_damage/damage_profiler/ancientSimian_surjected_to_simGorilla_pmd/Length_plot_combined_data.svg",
                "05_post_mortem_damage/damage_profiler/ancientSimian_surjected_to_simGorilla_pmd/Length_plot_forward_reverse_separated.svg",
                "05_post_mortem_damage/damage_profiler/ancientSimian_surjected_to_simGorilla_pmd/dmgprof.json",
                "05_post_mortem_damage/damage_profiler/ancientSimian_surjected_to_simGorilla_pmd/editDistance.txt",
                "05_post_mortem_damage/damage_profiler/ancientSimian_surjected_to_simGorilla_pmd/edit_distance.pdf",
                "05_post_mortem_damage/damage_profiler/ancientSimian_surjected_to_simGorilla_pmd/edit_distance.svg",
                "05_post_mortem_damage/damage_profiler/ancientSimian_surjected_to_simGorilla_pmd/lgdistribution.txt",
                "05_post_mortem_damage/damage_profiler/ancientSimian_surjected_to_simGorilla_pmd/misincorporation.txt",
                "06_genotyping/graph/example-multiple-reference-samples.simChimp.filtered.vcf.gz",
                "06_genotyping/graph/example-multiple-reference-samples.simGorilla.filtered.vcf.gz",
                "06_genotyping/reads/ancientApe.simChimp.filtered.vcf.gz",
                "06_genotyping/reads/ancientApe.simGorilla.filtered.vcf.gz",
                "06_genotyping/reads/ancientMerged.simChimp.filtered.vcf.gz",
                "06_genotyping/reads/ancientMerged.simGorilla.filtered.vcf.gz",
                "06_genotyping/reads/ancientSimian.simChimp.filtered.vcf.gz",
                "06_genotyping/reads/ancientSimian.simGorilla.filtered.vcf.gz",
                "06_genotyping/reads/modernHuman.simChimp.filtered.vcf.gz",
                "06_genotyping/reads/modernHuman.simGorilla.filtered.vcf.gz",
                "07_variant_calling/deepvariant/ancientApe.simChimp.norm.vcf.gz",
                "07_variant_calling/deepvariant/ancientApe.simChimp.raw.visual_report.html",
                "07_variant_calling/deepvariant/ancientApe.simGorilla.norm.vcf.gz",
                "07_variant_calling/deepvariant/ancientApe.simGorilla.raw.visual_report.html",
                "07_variant_calling/deepvariant/ancientMerged.simChimp.norm.vcf.gz",
                "07_variant_calling/deepvariant/ancientMerged.simChimp.raw.visual_report.html",
                "07_variant_calling/deepvariant/ancientMerged.simGorilla.norm.vcf.gz",
                "07_variant_calling/deepvariant/ancientMerged.simGorilla.raw.visual_report.html",
                "07_variant_calling/deepvariant/ancientSimian.simChimp.norm.vcf.gz",
                "07_variant_calling/deepvariant/ancientSimian.simChimp.raw.visual_report.html",
                "07_variant_calling/deepvariant/ancientSimian.simGorilla.norm.vcf.gz",
                "07_variant_calling/deepvariant/ancientSimian.simGorilla.raw.visual_report.html",
                "07_variant_calling/deepvariant/modernHuman.simChimp.norm.vcf.gz",
                "07_variant_calling/deepvariant/modernHuman.simChimp.raw.visual_report.html",
                "07_variant_calling/deepvariant/modernHuman.simGorilla.norm.vcf.gz",
                "07_variant_calling/deepvariant/modernHuman.simGorilla.raw.visual_report.html",
                "07_variant_calling/freebayes/ancientApe.simChimp.norm.vcf.gz",
                "07_variant_calling/freebayes/ancientApe.simGorilla.norm.vcf.gz",
                "07_variant_calling/freebayes/ancientMerged.simChimp.norm.vcf.gz",
                "07_variant_calling/freebayes/ancientMerged.simGorilla.norm.vcf.gz",
                "07_variant_calling/freebayes/ancientSimian.simChimp.norm.vcf.gz",
                "07_variant_calling/freebayes/ancientSimian.simGorilla.norm.vcf.gz",
                "07_variant_calling/freebayes/modernHuman.simChimp.norm.vcf.gz",
                "07_variant_calling/freebayes/modernHuman.simGorilla.norm.vcf.gz"
            ]
        ],
        "meta": {
            "nf-test": "0.9.3",
            "nextflow": "25.10.2"
        },
        "timestamp": "2026-02-02T12:15:40.097341388"
    },
    "Filtered graph, single reference sample, all steps": {
        "content": [
            60,
            [
                "02_reference/extracted_linear_reference/reference.fasta",
                "02_reference/extracted_linear_reference/reference.fasta.fai",
                "02_reference/statistics/example-filtered.d2_graph-metadata.txt.gz",
                "02_reference/statistics/example-filtered.d2_graph-stats.txt",
                "03_read_qc/fastp_reports/ancientApe.1.1.fastp.html.gz",
                "03_read_qc/fastp_reports/ancientApe.1.1.fastp.json",
                "03_read_qc/fastp_reports/ancientApe.2.1.fastp.html.gz",
                "03_read_qc/fastp_reports/ancientApe.2.1.fastp.json",
                "03_read_qc/fastp_reports/ancientApe.2.2.fastp.html.gz",
                "03_read_qc/fastp_reports/ancientApe.2.2.fastp.json",
                "03_read_qc/fastp_reports/ancientMerged.1.1.fastp.html.gz",
                "03_read_qc/fastp_reports/ancientMerged.1.1.fastp.json",
                "03_read_qc/fastp_reports/ancientSimian.1.1.fastp.html.gz",
                "03_read_qc/fastp_reports/ancientSimian.1.1.fastp.json",
                "03_read_qc/fastp_reports/modernHuman.1.1.fastp.html.gz",
                "03_read_qc/fastp_reports/modernHuman.1.1.fastp.json",
                "03_read_qc/qced_data_fastq_reports/ancientApe.1.1.fastp_fastqc.html",
                "03_read_qc/qced_data_fastq_reports/ancientApe.1.1.fastp_fastqc.zip",
                "03_read_qc/qced_data_fastq_reports/ancientApe.2.1.fastp_fastqc.html",
                "03_read_qc/qced_data_fastq_reports/ancientApe.2.1.fastp_fastqc.zip",
                "03_read_qc/qced_data_fastq_reports/ancientApe.2.2.fastp_fastqc.html",
                "03_read_qc/qced_data_fastq_reports/ancientApe.2.2.fastp_fastqc.zip",
                "03_read_qc/qced_data_fastq_reports/ancientMerged.1.1.fastp_fastqc.html",
                "03_read_qc/qced_data_fastq_reports/ancientMerged.1.1.fastp_fastqc.zip",
                "03_read_qc/qced_data_fastq_reports/ancientSimian.1.1.fastp_fastqc.html",
                "03_read_qc/qced_data_fastq_reports/ancientSimian.1.1.fastp_fastqc.zip",
                "03_read_qc/qced_data_fastq_reports/modernHuman.1.1.fastp.1_fastqc.html",
                "03_read_qc/qced_data_fastq_reports/modernHuman.1.1.fastp.1_fastqc.zip",
                "03_read_qc/qced_data_fastq_reports/modernHuman.1.1.fastp.2_fastqc.html",
                "03_read_qc/qced_data_fastq_reports/modernHuman.1.1.fastp.2_fastqc.zip",
                "03_read_qc/raw_data_fastq_reports/ancientApe_lib2_s1.repeat_fastqc.html",
                "03_read_qc/raw_data_fastq_reports/ancientApe_lib2_s1.repeat_fastqc.zip",
                "03_read_qc/raw_data_fastq_reports/ancientApe_lib2_s1_fastqc.html",
                "03_read_qc/raw_data_fastq_reports/ancientApe_lib2_s1_fastqc.zip",
                "03_read_qc/raw_data_fastq_reports/ancientApe_lib2_s2.repeat_fastqc.html",
                "03_read_qc/raw_data_fastq_reports/ancientApe_lib2_s2.repeat_fastqc.zip",
                "03_read_qc/raw_data_fastq_reports/ancientApe_lib2_s2_fastqc.html",
                "03_read_qc/raw_data_fastq_reports/ancientApe_lib2_s2_fastqc.zip",
                "03_read_qc/raw_data_fastq_reports/ancientApe_s1_fastqc.html",
                "03_read_qc/raw_data_fastq_reports/ancientApe_s1_fastqc.zip",
                "03_read_qc/raw_data_fastq_reports/ancientApe_s2_fastqc.html",
                "03_read_qc/raw_data_fastq_reports/ancientApe_s2_fastqc.zip",
                "03_read_qc/raw_data_fastq_reports/ancientMerged_fastqc.html",
                "03_read_qc/raw_data_fastq_reports/ancientMerged_fastqc.zip",
                "03_read_qc/raw_data_fastq_reports/ancientSimian_s1_fastqc.html",
                "03_read_qc/raw_data_fastq_reports/ancientSimian_s1_fastqc.zip",
                "03_read_qc/raw_data_fastq_reports/ancientSimian_s2_fastqc.html",
                "03_read_qc/raw_data_fastq_reports/ancientSimian_s2_fastqc.zip",
                "03_read_qc/raw_data_fastq_reports/modernHuman_s1_fastqc.html",
                "03_read_qc/raw_data_fastq_reports/modernHuman_s1_fastqc.zip",
                "03_read_qc/raw_data_fastq_reports/modernHuman_s2_fastqc.html",
                "03_read_qc/raw_data_fastq_reports/modernHuman_s2_fastqc.zip",
                "04_mapped_reads/alignment_statistics/ancientApe.1.1_alignment-stats.txt",
                "04_mapped_reads/alignment_statistics/ancientApe.2.1_alignment-stats.txt",
                "04_mapped_reads/alignment_statistics/ancientApe.2.2_alignment-stats.txt",
                "04_mapped_reads/alignment_statistics/ancientMerged.1.1_alignment-stats.txt",
                "04_mapped_reads/alignment_statistics/ancientSimian.1.1_alignment-stats.txt",
                "04_mapped_reads/alignment_statistics/modernHuman.1.1_alignment-stats.txt",
                "04_mapped_reads/bams_processed/ancientApe.dedup.bam",
                "04_mapped_reads/bams_processed/ancientApe.dedup.bam.bai",
                "04_mapped_reads/bams_processed/ancientMerged.dedup.bam",
                "04_mapped_reads/bams_processed/ancientMerged.dedup.bam.bai",
                "04_mapped_reads/bams_processed/ancientSimian.dedup.bam",
                "04_mapped_reads/bams_processed/ancientSimian.dedup.bam.bai",
                "04_mapped_reads/bams_processed/modernHuman.dedup.bam",
                "04_mapped_reads/bams_processed/modernHuman.dedup.bam.bai",
                "04_mapped_reads/deduplication_statistics/ancientApe.dedup_metrics.txt",
                "04_mapped_reads/deduplication_statistics/ancientMerged.dedup_metrics.txt",
                "04_mapped_reads/deduplication_statistics/ancientSimian.dedup_metrics.txt",
                "04_mapped_reads/deduplication_statistics/modernHuman.dedup_metrics.txt",
                "04_mapped_reads/gams/ancientApe.1.1.filtered.gam",
                "04_mapped_reads/gams/ancientApe.2.1.filtered.gam",
                "04_mapped_reads/gams/ancientApe.2.2.filtered.gam",
                "04_mapped_reads/gams/ancientMerged.1.1.filtered.gam",
                "04_mapped_reads/gams/ancientSimian.1.1.filtered.gam",
                "04_mapped_reads/gams/modernHuman.1.1.filtered.gam",
                "05_post_mortem_damage/damage_profiler/ancientApe_pmd/3pGtoA_freq.txt",
                "05_post_mortem_damage/damage_profiler/ancientApe_pmd/3p_freq_misincorporations.txt",
                "05_post_mortem_damage/damage_profiler/ancientApe_pmd/5pCtoT_freq.txt",
                "05_post_mortem_damage/damage_profiler/ancientApe_pmd/5p_freq_misincorporations.txt",
                "05_post_mortem_damage/damage_profiler/ancientApe_pmd/DNA_comp_genome.txt",
                "05_post_mortem_damage/damage_profiler/ancientApe_pmd/DNA_composition_sample.txt",
                "05_post_mortem_damage/damage_profiler/ancientApe_pmd/DamagePlot.pdf",
                "05_post_mortem_damage/damage_profiler/ancientApe_pmd/DamagePlot_five_prime.svg",
                "05_post_mortem_damage/damage_profiler/ancientApe_pmd/DamagePlot_three_prime.svg",
                "05_post_mortem_damage/damage_profiler/ancientApe_pmd/DamageProfiler.log",
                "05_post_mortem_damage/damage_profiler/ancientApe_pmd/Length_plot.pdf",
                "05_post_mortem_damage/damage_profiler/ancientApe_pmd/Length_plot_combined_data.svg",
                "05_post_mortem_damage/damage_profiler/ancientApe_pmd/Length_plot_forward_reverse_separated.svg",
                "05_post_mortem_damage/damage_profiler/ancientApe_pmd/dmgprof.json",
                "05_post_mortem_damage/damage_profiler/ancientApe_pmd/editDistance.txt",
                "05_post_mortem_damage/damage_profiler/ancientApe_pmd/edit_distance.pdf",
                "05_post_mortem_damage/damage_profiler/ancientApe_pmd/edit_distance.svg",
                "05_post_mortem_damage/damage_profiler/ancientApe_pmd/lgdistribution.txt",
                "05_post_mortem_damage/damage_profiler/ancientApe_pmd/misincorporation.txt",
                "05_post_mortem_damage/damage_profiler/ancientMerged_pmd/3pGtoA_freq.txt",
                "05_post_mortem_damage/damage_profiler/ancientMerged_pmd/3p_freq_misincorporations.txt",
                "05_post_mortem_damage/damage_profiler/ancientMerged_pmd/5pCtoT_freq.txt",
                "05_post_mortem_damage/damage_profiler/ancientMerged_pmd/5p_freq_misincorporations.txt",
                "05_post_mortem_damage/damage_profiler/ancientMerged_pmd/DNA_comp_genome.txt",
                "05_post_mortem_damage/damage_profiler/ancientMerged_pmd/DNA_composition_sample.txt",
                "05_post_mortem_damage/damage_profiler/ancientMerged_pmd/DamagePlot.pdf",
                "05_post_mortem_damage/damage_profiler/ancientMerged_pmd/DamagePlot_five_prime.svg",
                "05_post_mortem_damage/damage_profiler/ancientMerged_pmd/DamagePlot_three_prime.svg",
                "05_post_mortem_damage/damage_profiler/ancientMerged_pmd/DamageProfiler.log",
                "05_post_mortem_damage/damage_profiler/ancientMerged_pmd/Length_plot.pdf",
                "05_post_mortem_damage/damage_profiler/ancientMerged_pmd/Length_plot_combined_data.svg",
                "05_post_mortem_damage/damage_profiler/ancientMerged_pmd/Length_plot_forward_reverse_separated.svg",
                "05_post_mortem_damage/damage_profiler/ancientMerged_pmd/dmgprof.json",
                "05_post_mortem_damage/damage_profiler/ancientMerged_pmd/editDistance.txt",
                "05_post_mortem_damage/damage_profiler/ancientMerged_pmd/edit_distance.pdf",
                "05_post_mortem_damage/damage_profiler/ancientMerged_pmd/edit_distance.svg",
                "05_post_mortem_damage/damage_profiler/ancientMerged_pmd/lgdistribution.txt",
                "05_post_mortem_damage/damage_profiler/ancientMerged_pmd/misincorporation.txt",
                "05_post_mortem_damage/damage_profiler/ancientSimian_pmd/3pGtoA_freq.txt",
                "05_post_mortem_damage/damage_profiler/ancientSimian_pmd/3p_freq_misincorporations.txt",
                "05_post_mortem_damage/damage_profiler/ancientSimian_pmd/5pCtoT_freq.txt",
                "05_post_mortem_damage/damage_profiler/ancientSimian_pmd/5p_freq_misincorporations.txt",
                "05_post_mortem_damage/damage_profiler/ancientSimian_pmd/DNA_comp_genome.txt",
                "05_post_mortem_damage/damage_profiler/ancientSimian_pmd/DNA_composition_sample.txt",
                "05_post_mortem_damage/damage_profiler/ancientSimian_pmd/DamagePlot.pdf",
                "05_post_mortem_damage/damage_profiler/ancientSimian_pmd/DamagePlot_five_prime.svg",
                "05_post_mortem_damage/damage_profiler/ancientSimian_pmd/DamagePlot_three_prime.svg",
                "05_post_mortem_damage/damage_profiler/ancientSimian_pmd/DamageProfiler.log",
                "05_post_mortem_damage/damage_profiler/ancientSimian_pmd/Length_plot.pdf",
                "05_post_mortem_damage/damage_profiler/ancientSimian_pmd/Length_plot_combined_data.svg",
                "05_post_mortem_damage/damage_profiler/ancientSimian_pmd/Length_plot_forward_reverse_separated.svg",
                "05_post_mortem_damage/damage_profiler/ancientSimian_pmd/dmgprof.json",
                "05_post_mortem_damage/damage_profiler/ancientSimian_pmd/editDistance.txt",
                "05_post_mortem_damage/damage_profiler/ancientSimian_pmd/edit_distance.pdf",
                "05_post_mortem_damage/damage_profiler/ancientSimian_pmd/edit_distance.svg",
                "05_post_mortem_damage/damage_profiler/ancientSimian_pmd/lgdistribution.txt",
                "05_post_mortem_damage/damage_profiler/ancientSimian_pmd/misincorporation.txt",
                "06_genotyping/graph/example-filtered.d2.filtered.vcf.gz",
                "06_genotyping/reads/ancientApe.filtered.vcf.gz",
                "06_genotyping/reads/ancientMerged.filtered.vcf.gz",
                "06_genotyping/reads/ancientSimian.filtered.vcf.gz",
                "06_genotyping/reads/modernHuman.filtered.vcf.gz",
                "07_variant_calling/deepvariant/ancientApe.norm.vcf.gz",
                "07_variant_calling/deepvariant/ancientApe.raw.visual_report.html",
                "07_variant_calling/deepvariant/ancientMerged.norm.vcf.gz",
                "07_variant_calling/deepvariant/ancientMerged.raw.visual_report.html",
                "07_variant_calling/deepvariant/ancientSimian.norm.vcf.gz",
                "07_variant_calling/deepvariant/ancientSimian.raw.visual_report.html",
                "07_variant_calling/deepvariant/modernHuman.norm.vcf.gz",
                "07_variant_calling/deepvariant/modernHuman.raw.visual_report.html",
                "07_variant_calling/freebayes/ancientApe.norm.vcf.gz",
                "07_variant_calling/freebayes/ancientMerged.norm.vcf.gz",
                "07_variant_calling/freebayes/ancientSimian.norm.vcf.gz",
                "07_variant_calling/freebayes/modernHuman.norm.vcf.gz"
            ]
        ],
        "meta": {
            "nf-test": "0.9.3",
            "nextflow": "25.10.2"
        },
        "timestamp": "2026-02-02T12:19:09.610186329"
    },
    "Unfiltered graph, single reference sample, all steps": {
        "content": [
            60,
            [
                "02_reference/extracted_linear_reference/reference.fasta",
                "02_reference/extracted_linear_reference/reference.fasta.fai",
                "02_reference/statistics/example-unfiltered_graph-metadata.txt.gz",
                "02_reference/statistics/example-unfiltered_graph-stats.txt",
                "03_read_qc/fastp_reports/ancientApe.1.1.fastp.html.gz",
                "03_read_qc/fastp_reports/ancientApe.1.1.fastp.json",
                "03_read_qc/fastp_reports/ancientApe.2.1.fastp.html.gz",
                "03_read_qc/fastp_reports/ancientApe.2.1.fastp.json",
                "03_read_qc/fastp_reports/ancientApe.2.2.fastp.html.gz",
                "03_read_qc/fastp_reports/ancientApe.2.2.fastp.json",
                "03_read_qc/fastp_reports/ancientMerged.1.1.fastp.html.gz",
                "03_read_qc/fastp_reports/ancientMerged.1.1.fastp.json",
                "03_read_qc/fastp_reports/ancientSimian.1.1.fastp.html.gz",
                "03_read_qc/fastp_reports/ancientSimian.1.1.fastp.json",
                "03_read_qc/fastp_reports/modernHuman.1.1.fastp.html.gz",
                "03_read_qc/fastp_reports/modernHuman.1.1.fastp.json",
                "03_read_qc/qced_data_fastq_reports/ancientApe.1.1.fastp_fastqc.html",
                "03_read_qc/qced_data_fastq_reports/ancientApe.1.1.fastp_fastqc.zip",
                "03_read_qc/qced_data_fastq_reports/ancientApe.2.1.fastp_fastqc.html",
                "03_read_qc/qced_data_fastq_reports/ancientApe.2.1.fastp_fastqc.zip",
                "03_read_qc/qced_data_fastq_reports/ancientApe.2.2.fastp_fastqc.html",
                "03_read_qc/qced_data_fastq_reports/ancientApe.2.2.fastp_fastqc.zip",
                "03_read_qc/qced_data_fastq_reports/ancientMerged.1.1.fastp_fastqc.html",
                "03_read_qc/qced_data_fastq_reports/ancientMerged.1.1.fastp_fastqc.zip",
                "03_read_qc/qced_data_fastq_reports/ancientSimian.1.1.fastp_fastqc.html",
                "03_read_qc/qced_data_fastq_reports/ancientSimian.1.1.fastp_fastqc.zip",
                "03_read_qc/qced_data_fastq_reports/modernHuman.1.1.fastp.1_fastqc.html",
                "03_read_qc/qced_data_fastq_reports/modernHuman.1.1.fastp.1_fastqc.zip",
                "03_read_qc/qced_data_fastq_reports/modernHuman.1.1.fastp.2_fastqc.html",
                "03_read_qc/qced_data_fastq_reports/modernHuman.1.1.fastp.2_fastqc.zip",
                "03_read_qc/raw_data_fastq_reports/ancientApe_lib2_s1.repeat_fastqc.html",
                "03_read_qc/raw_data_fastq_reports/ancientApe_lib2_s1.repeat_fastqc.zip",
                "03_read_qc/raw_data_fastq_reports/ancientApe_lib2_s1_fastqc.html",
                "03_read_qc/raw_data_fastq_reports/ancientApe_lib2_s1_fastqc.zip",
                "03_read_qc/raw_data_fastq_reports/ancientApe_lib2_s2.repeat_fastqc.html",
                "03_read_qc/raw_data_fastq_reports/ancientApe_lib2_s2.repeat_fastqc.zip",
                "03_read_qc/raw_data_fastq_reports/ancientApe_lib2_s2_fastqc.html",
                "03_read_qc/raw_data_fastq_reports/ancientApe_lib2_s2_fastqc.zip",
                "03_read_qc/raw_data_fastq_reports/ancientApe_s1_fastqc.html",
                "03_read_qc/raw_data_fastq_reports/ancientApe_s1_fastqc.zip",
                "03_read_qc/raw_data_fastq_reports/ancientApe_s2_fastqc.html",
                "03_read_qc/raw_data_fastq_reports/ancientApe_s2_fastqc.zip",
                "03_read_qc/raw_data_fastq_reports/ancientMerged_fastqc.html",
                "03_read_qc/raw_data_fastq_reports/ancientMerged_fastqc.zip",
                "03_read_qc/raw_data_fastq_reports/ancientSimian_s1_fastqc.html",
                "03_read_qc/raw_data_fastq_reports/ancientSimian_s1_fastqc.zip",
                "03_read_qc/raw_data_fastq_reports/ancientSimian_s2_fastqc.html",
                "03_read_qc/raw_data_fastq_reports/ancientSimian_s2_fastqc.zip",
                "03_read_qc/raw_data_fastq_reports/modernHuman_s1_fastqc.html",
                "03_read_qc/raw_data_fastq_reports/modernHuman_s1_fastqc.zip",
                "03_read_qc/raw_data_fastq_reports/modernHuman_s2_fastqc.html",
                "03_read_qc/raw_data_fastq_reports/modernHuman_s2_fastqc.zip",
                "04_mapped_reads/alignment_statistics/ancientApe.1.1_alignment-stats.txt",
                "04_mapped_reads/alignment_statistics/ancientApe.2.1_alignment-stats.txt",
                "04_mapped_reads/alignment_statistics/ancientApe.2.2_alignment-stats.txt",
                "04_mapped_reads/alignment_statistics/ancientMerged.1.1_alignment-stats.txt",
                "04_mapped_reads/alignment_statistics/ancientSimian.1.1_alignment-stats.txt",
                "04_mapped_reads/alignment_statistics/modernHuman.1.1_alignment-stats.txt",
                "04_mapped_reads/bams_processed/ancientApe.dedup.bam",
                "04_mapped_reads/bams_processed/ancientApe.dedup.bam.bai",
                "04_mapped_reads/bams_processed/ancientMerged.dedup.bam",
                "04_mapped_reads/bams_processed/ancientMerged.dedup.bam.bai",
                "04_mapped_reads/bams_processed/ancientSimian.dedup.bam",
                "04_mapped_reads/bams_processed/ancientSimian.dedup.bam.bai",
                "04_mapped_reads/bams_processed/modernHuman.dedup.bam",
                "04_mapped_reads/bams_processed/modernHuman.dedup.bam.bai",
                "04_mapped_reads/deduplication_statistics/ancientApe.dedup_metrics.txt",
                "04_mapped_reads/deduplication_statistics/ancientMerged.dedup_metrics.txt",
                "04_mapped_reads/deduplication_statistics/ancientSimian.dedup_metrics.txt",
                "04_mapped_reads/deduplication_statistics/modernHuman.dedup_metrics.txt",
                "04_mapped_reads/gams/ancientApe.1.1.filtered.gam",
                "04_mapped_reads/gams/ancientApe.2.1.filtered.gam",
                "04_mapped_reads/gams/ancientApe.2.2.filtered.gam",
                "04_mapped_reads/gams/ancientMerged.1.1.filtered.gam",
                "04_mapped_reads/gams/ancientSimian.1.1.filtered.gam",
                "04_mapped_reads/gams/modernHuman.1.1.filtered.gam",
                "05_post_mortem_damage/damage_profiler/ancientApe_pmd/3pGtoA_freq.txt",
                "05_post_mortem_damage/damage_profiler/ancientApe_pmd/3p_freq_misincorporations.txt",
                "05_post_mortem_damage/damage_profiler/ancientApe_pmd/5pCtoT_freq.txt",
                "05_post_mortem_damage/damage_profiler/ancientApe_pmd/5p_freq_misincorporations.txt",
                "05_post_mortem_damage/damage_profiler/ancientApe_pmd/DNA_comp_genome.txt",
                "05_post_mortem_damage/damage_profiler/ancientApe_pmd/DNA_composition_sample.txt",
                "05_post_mortem_damage/damage_profiler/ancientApe_pmd/DamagePlot.pdf",
                "05_post_mortem_damage/damage_profiler/ancientApe_pmd/DamagePlot_five_prime.svg",
                "05_post_mortem_damage/damage_profiler/ancientApe_pmd/DamagePlot_three_prime.svg",
                "05_post_mortem_damage/damage_profiler/ancientApe_pmd/DamageProfiler.log",
                "05_post_mortem_damage/damage_profiler/ancientApe_pmd/Length_plot.pdf",
                "05_post_mortem_damage/damage_profiler/ancientApe_pmd/Length_plot_combined_data.svg",
                "05_post_mortem_damage/damage_profiler/ancientApe_pmd/Length_plot_forward_reverse_separated.svg",
                "05_post_mortem_damage/damage_profiler/ancientApe_pmd/dmgprof.json",
                "05_post_mortem_damage/damage_profiler/ancientApe_pmd/editDistance.txt",
                "05_post_mortem_damage/damage_profiler/ancientApe_pmd/edit_distance.pdf",
                "05_post_mortem_damage/damage_profiler/ancientApe_pmd/edit_distance.svg",
                "05_post_mortem_damage/damage_profiler/ancientApe_pmd/lgdistribution.txt",
                "05_post_mortem_damage/damage_profiler/ancientApe_pmd/misincorporation.txt",
                "05_post_mortem_damage/damage_profiler/ancientMerged_pmd/3pGtoA_freq.txt",
                "05_post_mortem_damage/damage_profiler/ancientMerged_pmd/3p_freq_misincorporations.txt",
                "05_post_mortem_damage/damage_profiler/ancientMerged_pmd/5pCtoT_freq.txt",
                "05_post_mortem_damage/damage_profiler/ancientMerged_pmd/5p_freq_misincorporations.txt",
                "05_post_mortem_damage/damage_profiler/ancientMerged_pmd/DNA_comp_genome.txt",
                "05_post_mortem_damage/damage_profiler/ancientMerged_pmd/DNA_composition_sample.txt",
                "05_post_mortem_damage/damage_profiler/ancientMerged_pmd/DamagePlot.pdf",
                "05_post_mortem_damage/damage_profiler/ancientMerged_pmd/DamagePlot_five_prime.svg",
                "05_post_mortem_damage/damage_profiler/ancientMerged_pmd/DamagePlot_three_prime.svg",
                "05_post_mortem_damage/damage_profiler/ancientMerged_pmd/DamageProfiler.log",
                "05_post_mortem_damage/damage_profiler/ancientMerged_pmd/Length_plot.pdf",
                "05_post_mortem_damage/damage_profiler/ancientMerged_pmd/Length_plot_combined_data.svg",
                "05_post_mortem_damage/damage_profiler/ancientMerged_pmd/Length_plot_forward_reverse_separated.svg",
                "05_post_mortem_damage/damage_profiler/ancientMerged_pmd/dmgprof.json",
                "05_post_mortem_damage/damage_profiler/ancientMerged_pmd/editDistance.txt",
                "05_post_mortem_damage/damage_profiler/ancientMerged_pmd/edit_distance.pdf",
                "05_post_mortem_damage/damage_profiler/ancientMerged_pmd/edit_distance.svg",
                "05_post_mortem_damage/damage_profiler/ancientMerged_pmd/lgdistribution.txt",
                "05_post_mortem_damage/damage_profiler/ancientMerged_pmd/misincorporation.txt",
                "05_post_mortem_damage/damage_profiler/ancientSimian_pmd/3pGtoA_freq.txt",
                "05_post_mortem_damage/damage_profiler/ancientSimian_pmd/3p_freq_misincorporations.txt",
                "05_post_mortem_damage/damage_profiler/ancientSimian_pmd/5pCtoT_freq.txt",
                "05_post_mortem_damage/damage_profiler/ancientSimian_pmd/5p_freq_misincorporations.txt",
                "05_post_mortem_damage/damage_profiler/ancientSimian_pmd/DNA_comp_genome.txt",
                "05_post_mortem_damage/damage_profiler/ancientSimian_pmd/DNA_composition_sample.txt",
                "05_post_mortem_damage/damage_profiler/ancientSimian_pmd/DamagePlot.pdf",
                "05_post_mortem_damage/damage_profiler/ancientSimian_pmd/DamagePlot_five_prime.svg",
                "05_post_mortem_damage/damage_profiler/ancientSimian_pmd/DamagePlot_three_prime.svg",
                "05_post_mortem_damage/damage_profiler/ancientSimian_pmd/DamageProfiler.log",
                "05_post_mortem_damage/damage_profiler/ancientSimian_pmd/Length_plot.pdf",
                "05_post_mortem_damage/damage_profiler/ancientSimian_pmd/Length_plot_combined_data.svg",
                "05_post_mortem_damage/damage_profiler/ancientSimian_pmd/Length_plot_forward_reverse_separated.svg",
                "05_post_mortem_damage/damage_profiler/ancientSimian_pmd/dmgprof.json",
                "05_post_mortem_damage/damage_profiler/ancientSimian_pmd/editDistance.txt",
                "05_post_mortem_damage/damage_profiler/ancientSimian_pmd/edit_distance.pdf",
                "05_post_mortem_damage/damage_profiler/ancientSimian_pmd/edit_distance.svg",
                "05_post_mortem_damage/damage_profiler/ancientSimian_pmd/lgdistribution.txt",
                "05_post_mortem_damage/damage_profiler/ancientSimian_pmd/misincorporation.txt",
                "06_genotyping/graph/example-unfiltered.filtered.vcf.gz",
                "06_genotyping/reads/ancientApe.filtered.vcf.gz",
                "06_genotyping/reads/ancientMerged.filtered.vcf.gz",
                "06_genotyping/reads/ancientSimian.filtered.vcf.gz",
                "06_genotyping/reads/modernHuman.filtered.vcf.gz",
                "07_variant_calling/deepvariant/ancientApe.norm.vcf.gz",
                "07_variant_calling/deepvariant/ancientApe.raw.visual_report.html",
                "07_variant_calling/deepvariant/ancientMerged.norm.vcf.gz",
                "07_variant_calling/deepvariant/ancientMerged.raw.visual_report.html",
                "07_variant_calling/deepvariant/ancientSimian.norm.vcf.gz",
                "07_variant_calling/deepvariant/ancientSimian.raw.visual_report.html",
                "07_variant_calling/deepvariant/modernHuman.norm.vcf.gz",
                "07_variant_calling/deepvariant/modernHuman.raw.visual_report.html",
                "07_variant_calling/freebayes/ancientApe.norm.vcf.gz",
                "07_variant_calling/freebayes/ancientMerged.norm.vcf.gz",
                "07_variant_calling/freebayes/ancientSimian.norm.vcf.gz",
                "07_variant_calling/freebayes/modernHuman.norm.vcf.gz"
            ]
        ],
        "meta": {
            "nf-test": "0.9.3",
            "nextflow": "25.10.2"
        },
        "timestamp": "2026-02-02T12:09:17.537558918"
    },
    "Linear reference, single reference sample, all steps": {
        "content": [
            49,
            [
                "02_reference/extracted_linear_reference/example.fasta",
                "02_reference/extracted_linear_reference/example.fasta.fai",
                "02_reference/statistics/example.fasta.fai",
                "03_read_qc/fastp_reports/ancientApe.1.1.fastp.html.gz",
                "03_read_qc/fastp_reports/ancientApe.1.1.fastp.json",
                "03_read_qc/fastp_reports/ancientApe.2.1.fastp.html.gz",
                "03_read_qc/fastp_reports/ancientApe.2.1.fastp.json",
                "03_read_qc/fastp_reports/ancientApe.2.2.fastp.html.gz",
                "03_read_qc/fastp_reports/ancientApe.2.2.fastp.json",
                "03_read_qc/fastp_reports/ancientMerged.1.1.fastp.html.gz",
                "03_read_qc/fastp_reports/ancientMerged.1.1.fastp.json",
                "03_read_qc/fastp_reports/ancientSimian.1.1.fastp.html.gz",
                "03_read_qc/fastp_reports/ancientSimian.1.1.fastp.json",
                "03_read_qc/fastp_reports/modernHuman.1.1.fastp.html.gz",
                "03_read_qc/fastp_reports/modernHuman.1.1.fastp.json",
                "03_read_qc/qced_data_fastq_reports/ancientApe.1.1.fastp_fastqc.html",
                "03_read_qc/qced_data_fastq_reports/ancientApe.1.1.fastp_fastqc.zip",
                "03_read_qc/qced_data_fastq_reports/ancientApe.2.1.fastp_fastqc.html",
                "03_read_qc/qced_data_fastq_reports/ancientApe.2.1.fastp_fastqc.zip",
                "03_read_qc/qced_data_fastq_reports/ancientApe.2.2.fastp_fastqc.html",
                "03_read_qc/qced_data_fastq_reports/ancientApe.2.2.fastp_fastqc.zip",
                "03_read_qc/qced_data_fastq_reports/ancientMerged.1.1.fastp_fastqc.html",
                "03_read_qc/qced_data_fastq_reports/ancientMerged.1.1.fastp_fastqc.zip",
                "03_read_qc/qced_data_fastq_reports/ancientSimian.1.1.fastp_fastqc.html",
                "03_read_qc/qced_data_fastq_reports/ancientSimian.1.1.fastp_fastqc.zip",
                "03_read_qc/qced_data_fastq_reports/modernHuman.1.1.fastp.1_fastqc.html",
                "03_read_qc/qced_data_fastq_reports/modernHuman.1.1.fastp.1_fastqc.zip",
                "03_read_qc/qced_data_fastq_reports/modernHuman.1.1.fastp.2_fastqc.html",
                "03_read_qc/qced_data_fastq_reports/modernHuman.1.1.fastp.2_fastqc.zip",
                "03_read_qc/raw_data_fastq_reports/ancientApe_lib2_s1.repeat_fastqc.html",
                "03_read_qc/raw_data_fastq_reports/ancientApe_lib2_s1.repeat_fastqc.zip",
                "03_read_qc/raw_data_fastq_reports/ancientApe_lib2_s1_fastqc.html",
                "03_read_qc/raw_data_fastq_reports/ancientApe_lib2_s1_fastqc.zip",
                "03_read_qc/raw_data_fastq_reports/ancientApe_lib2_s2.repeat_fastqc.html",
                "03_read_qc/raw_data_fastq_reports/ancientApe_lib2_s2.repeat_fastqc.zip",
                "03_read_qc/raw_data_fastq_reports/ancientApe_lib2_s2_fastqc.html",
                "03_read_qc/raw_data_fastq_reports/ancientApe_lib2_s2_fastqc.zip",
                "03_read_qc/raw_data_fastq_reports/ancientApe_s1_fastqc.html",
                "03_read_qc/raw_data_fastq_reports/ancientApe_s1_fastqc.zip",
                "03_read_qc/raw_data_fastq_reports/ancientApe_s2_fastqc.html",
                "03_read_qc/raw_data_fastq_reports/ancientApe_s2_fastqc.zip",
                "03_read_qc/raw_data_fastq_reports/ancientMerged_fastqc.html",
                "03_read_qc/raw_data_fastq_reports/ancientMerged_fastqc.zip",
                "03_read_qc/raw_data_fastq_reports/ancientSimian_s1_fastqc.html",
                "03_read_qc/raw_data_fastq_reports/ancientSimian_s1_fastqc.zip",
                "03_read_qc/raw_data_fastq_reports/ancientSimian_s2_fastqc.html",
                "03_read_qc/raw_data_fastq_reports/ancientSimian_s2_fastqc.zip",
                "03_read_qc/raw_data_fastq_reports/modernHuman_s1_fastqc.html",
                "03_read_qc/raw_data_fastq_reports/modernHuman_s1_fastqc.zip",
                "03_read_qc/raw_data_fastq_reports/modernHuman_s2_fastqc.html",
                "03_read_qc/raw_data_fastq_reports/modernHuman_s2_fastqc.zip",
                "04_mapped_reads/alignment_statistics/ancientApe.1.1_flagstat.txt",
                "04_mapped_reads/alignment_statistics/ancientApe.2.1_flagstat.txt",
                "04_mapped_reads/alignment_statistics/ancientApe.2.2_flagstat.txt",
                "04_mapped_reads/alignment_statistics/ancientMerged.1.1_flagstat.txt",
                "04_mapped_reads/alignment_statistics/ancientSimian.1.1_flagstat.txt",
                "04_mapped_reads/alignment_statistics/modernHuman.1.1_flagstat.txt",
                "04_mapped_reads/bams_processed/ancientApe.dedup.bam",
                "04_mapped_reads/bams_processed/ancientApe.dedup.bam.bai",
                "04_mapped_reads/bams_processed/ancientMerged.dedup.bam",
                "04_mapped_reads/bams_processed/ancientMerged.dedup.bam.bai",
                "04_mapped_reads/bams_processed/ancientSimian.dedup.bam",
                "04_mapped_reads/bams_processed/ancientSimian.dedup.bam.bai",
                "04_mapped_reads/bams_processed/modernHuman.dedup.bam",
                "04_mapped_reads/bams_processed/modernHuman.dedup.bam.bai",
                "04_mapped_reads/deduplication_statistics/ancientApe.dedup_metrics.txt",
                "04_mapped_reads/deduplication_statistics/ancientMerged.dedup_metrics.txt",
                "04_mapped_reads/deduplication_statistics/ancientSimian.dedup_metrics.txt",
                "04_mapped_reads/deduplication_statistics/modernHuman.dedup_metrics.txt",
                "05_post_mortem_damage/damage_profiler/ancientApe_pmd/3pGtoA_freq.txt",
                "05_post_mortem_damage/damage_profiler/ancientApe_pmd/3p_freq_misincorporations.txt",
                "05_post_mortem_damage/damage_profiler/ancientApe_pmd/5pCtoT_freq.txt",
                "05_post_mortem_damage/damage_profiler/ancientApe_pmd/5p_freq_misincorporations.txt",
                "05_post_mortem_damage/damage_profiler/ancientApe_pmd/DNA_comp_genome.txt",
                "05_post_mortem_damage/damage_profiler/ancientApe_pmd/DNA_composition_sample.txt",
                "05_post_mortem_damage/damage_profiler/ancientApe_pmd/DamagePlot.pdf",
                "05_post_mortem_damage/damage_profiler/ancientApe_pmd/DamagePlot_five_prime.svg",
                "05_post_mortem_damage/damage_profiler/ancientApe_pmd/DamagePlot_three_prime.svg",
                "05_post_mortem_damage/damage_profiler/ancientApe_pmd/DamageProfiler.log",
                "05_post_mortem_damage/damage_profiler/ancientApe_pmd/Length_plot.pdf",
                "05_post_mortem_damage/damage_profiler/ancientApe_pmd/Length_plot_combined_data.svg",
                "05_post_mortem_damage/damage_profiler/ancientApe_pmd/Length_plot_forward_reverse_separated.svg",
                "05_post_mortem_damage/damage_profiler/ancientApe_pmd/dmgprof.json",
                "05_post_mortem_damage/damage_profiler/ancientApe_pmd/editDistance.txt",
                "05_post_mortem_damage/damage_profiler/ancientApe_pmd/edit_distance.pdf",
                "05_post_mortem_damage/damage_profiler/ancientApe_pmd/edit_distance.svg",
                "05_post_mortem_damage/damage_profiler/ancientApe_pmd/lgdistribution.txt",
                "05_post_mortem_damage/damage_profiler/ancientApe_pmd/misincorporation.txt",
                "05_post_mortem_damage/damage_profiler/ancientMerged_pmd/3pGtoA_freq.txt",
                "05_post_mortem_damage/damage_profiler/ancientMerged_pmd/3p_freq_misincorporations.txt",
                "05_post_mortem_damage/damage_profiler/ancientMerged_pmd/5pCtoT_freq.txt",
                "05_post_mortem_damage/damage_profiler/ancientMerged_pmd/5p_freq_misincorporations.txt",
                "05_post_mortem_damage/damage_profiler/ancientMerged_pmd/DNA_comp_genome.txt",
                "05_post_mortem_damage/damage_profiler/ancientMerged_pmd/DNA_composition_sample.txt",
                "05_post_mortem_damage/damage_profiler/ancientMerged_pmd/DamagePlot.pdf",
                "05_post_mortem_damage/damage_profiler/ancientMerged_pmd/DamagePlot_five_prime.svg",
                "05_post_mortem_damage/damage_profiler/ancientMerged_pmd/DamagePlot_three_prime.svg",
                "05_post_mortem_damage/damage_profiler/ancientMerged_pmd/DamageProfiler.log",
                "05_post_mortem_damage/damage_profiler/ancientMerged_pmd/Length_plot.pdf",
                "05_post_mortem_damage/damage_profiler/ancientMerged_pmd/Length_plot_combined_data.svg",
                "05_post_mortem_damage/damage_profiler/ancientMerged_pmd/Length_plot_forward_reverse_separated.svg",
                "05_post_mortem_damage/damage_profiler/ancientMerged_pmd/dmgprof.json",
                "05_post_mortem_damage/damage_profiler/ancientMerged_pmd/editDistance.txt",
                "05_post_mortem_damage/damage_profiler/ancientMerged_pmd/edit_distance.pdf",
                "05_post_mortem_damage/damage_profiler/ancientMerged_pmd/edit_distance.svg",
                "05_post_mortem_damage/damage_profiler/ancientMerged_pmd/lgdistribution.txt",
                "05_post_mortem_damage/damage_profiler/ancientMerged_pmd/misincorporation.txt",
                "05_post_mortem_damage/damage_profiler/ancientSimian_pmd/3pGtoA_freq.txt",
                "05_post_mortem_damage/damage_profiler/ancientSimian_pmd/3p_freq_misincorporations.txt",
                "05_post_mortem_damage/damage_profiler/ancientSimian_pmd/5pCtoT_freq.txt",
                "05_post_mortem_damage/damage_profiler/ancientSimian_pmd/5p_freq_misincorporations.txt",
                "05_post_mortem_damage/damage_profiler/ancientSimian_pmd/DNA_comp_genome.txt",
                "05_post_mortem_damage/damage_profiler/ancientSimian_pmd/DNA_composition_sample.txt",
                "05_post_mortem_damage/damage_profiler/ancientSimian_pmd/DamagePlot.pdf",
                "05_post_mortem_damage/damage_profiler/ancientSimian_pmd/DamagePlot_five_prime.svg",
                "05_post_mortem_damage/damage_profiler/ancientSimian_pmd/DamagePlot_three_prime.svg",
                "05_post_mortem_damage/damage_profiler/ancientSimian_pmd/DamageProfiler.log",
                "05_post_mortem_damage/damage_profiler/ancientSimian_pmd/Length_plot.pdf",
                "05_post_mortem_damage/damage_profiler/ancientSimian_pmd/Length_plot_combined_data.svg",
                "05_post_mortem_damage/damage_profiler/ancientSimian_pmd/Length_plot_forward_reverse_separated.svg",
                "05_post_mortem_damage/damage_profiler/ancientSimian_pmd/dmgprof.json",
                "05_post_mortem_damage/damage_profiler/ancientSimian_pmd/editDistance.txt",
                "05_post_mortem_damage/damage_profiler/ancientSimian_pmd/edit_distance.pdf",
                "05_post_mortem_damage/damage_profiler/ancientSimian_pmd/edit_distance.svg",
                "05_post_mortem_damage/damage_profiler/ancientSimian_pmd/lgdistribution.txt",
                "05_post_mortem_damage/damage_profiler/ancientSimian_pmd/misincorporation.txt",
                "07_variant_calling/deepvariant/ancientApe.norm.vcf.gz",
                "07_variant_calling/deepvariant/ancientApe.raw.visual_report.html",
                "07_variant_calling/deepvariant/ancientMerged.norm.vcf.gz",
                "07_variant_calling/deepvariant/ancientMerged.raw.visual_report.html",
                "07_variant_calling/deepvariant/ancientSimian.norm.vcf.gz",
                "07_variant_calling/deepvariant/ancientSimian.raw.visual_report.html",
                "07_variant_calling/deepvariant/modernHuman.norm.vcf.gz",
                "07_variant_calling/deepvariant/modernHuman.raw.visual_report.html",
                "07_variant_calling/freebayes/ancientApe.norm.vcf.gz",
                "07_variant_calling/freebayes/ancientMerged.norm.vcf.gz",
                "07_variant_calling/freebayes/ancientSimian.norm.vcf.gz",
                "07_variant_calling/freebayes/modernHuman.norm.vcf.gz"
            ]
        ],
        "meta": {
            "nf-test": "0.9.3",
            "nextflow": "25.10.2"
        },
        "timestamp": "2026-02-02T12:22:28.597913728"
    }
}